###############################################################################
#                                                                             #
# IAR C/C++ Compiler V5.52.1.50724/W32 for MSP430       26/May/2013  01:02:15 #
# Copyright 1996-2013 IAR Systems AB.                                         #
#                                                                             #
#    __rt_version  =  3                                                       #
#    __double_size =  64                                                      #
#    __reg_r4      =  free                                                    #
#    __reg_r5      =  free                                                    #
#    __pic         =  no                                                      #
#    __core        =  430X                                                    #
#    __data_model  =  large                                                   #
#    Source file   =  C:\Users\woosuk\Dropbox\lws\ESL\3. Research\9. Summer   #
#                     2013\2_cleon\4. Development\1.                          #
#                     Software\cleon\fs\fs_init.c                             #
#    Command line  =  "C:\Users\woosuk\Dropbox\lws\ESL\3. Research\9. Summer  #
#                     2013\2_cleon\4. Development\1.                          #
#                     Software\cleon\fs\fs_init.c" -lC                        #
#                     "C:\Users\woosuk\Dropbox\lws\ESL\3. Research\9. Summer  #
#                     2013\2_cleon\4. Development\1.                          #
#                     Software\cleon\Debug\List\" -la                         #
#                     "C:\Users\woosuk\Dropbox\lws\ESL\3. Research\9. Summer  #
#                     2013\2_cleon\4. Development\1.                          #
#                     Software\cleon\Debug\List\" -o                          #
#                     "C:\Users\woosuk\Dropbox\lws\ESL\3. Research\9. Summer  #
#                     2013\2_cleon\4. Development\1.                          #
#                     Software\cleon\Debug\Obj\" --no_cse --no_unroll         #
#                     --no_inline --no_code_motion --no_tbaa --debug          #
#                     -D__MSP430F5338__ -e --double=64 --dlib_config          #
#                     "C:\Program Files (x86)\IAR Systems\Embedded Workbench  #
#                     6.5\430\LIB\DLIB\dl430xldn.h" -I                        #
#                     "C:\Users\woosuk\Dropbox\lws\ESL\3. Research\9. Summer  #
#                     2013\2_cleon\4. Development\1. Software\cleon\intro\"   #
#                     -I "C:\Users\woosuk\Dropbox\lws\ESL\3. Research\9.      #
#                     Summer 2013\2_cleon\4. Development\1.                   #
#                     Software\cleon\sys\" -I "C:\Users\woosuk\Dropbox\lws\ES #
#                     L\3. Research\9. Summer 2013\2_cleon\4. Development\1.  #
#                     Software\cleon\hal\" -I "C:\Users\woosuk\Dropbox\lws\ES #
#                     L\3. Research\9. Summer 2013\2_cleon\4. Development\1.  #
#                     Software\cleon\hal\rtclib\" -I                          #
#                     "C:\Users\woosuk\Dropbox\lws\ESL\3. Research\9. Summer  #
#                     2013\2_cleon\4. Development\1.                          #
#                     Software\cleon\platform\" -I                            #
#                     "C:\Users\woosuk\Dropbox\lws\ESL\3. Research\9. Summer  #
#                     2013\2_cleon\4. Development\1. Software\cleon\fs\" -I   #
#                     "C:\Users\woosuk\Dropbox\lws\ESL\3. Research\9. Summer  #
#                     2013\2_cleon\4. Development\1.                          #
#                     Software\cleon\fs\FatFs\" -I                            #
#                     "C:\Users\woosuk\Dropbox\lws\ESL\3. Research\9. Summer  #
#                     2013\2_cleon\4. Development\1. Software\cleon\app\" -I  #
#                     "C:\Users\woosuk\Dropbox\lws\ESL\3. Research\9. Summer  #
#                     2013\2_cleon\4. Development\1. Software\cleon\"         #
#                     --core=430X --data_model=large -On --multiplier=32      #
#                     --multiplier_location=4C0 --hw_workaround=CPU40         #
#    List file     =  C:\Users\woosuk\Dropbox\lws\ESL\3. Research\9. Summer   #
#                     2013\2_cleon\4. Development\1.                          #
#                     Software\cleon\Debug\List\fs_init.lst                   #
#    Object file   =  C:\Users\woosuk\Dropbox\lws\ESL\3. Research\9. Summer   #
#                     2013\2_cleon\4. Development\1.                          #
#                     Software\cleon\Debug\Obj\fs_init.r43                    #
#                                                                             #
#                                                                             #
###############################################################################

C:\Users\woosuk\Dropbox\lws\ESL\3. Research\9. Summer 2013\2_cleon\4. Development\1. Software\cleon\fs\fs_init.c
      1          /**
      2          @file       fs_init.c
      3          
      4          @brief      Initializing file system
      5          */
      6          
      7          #include "cleon_conf.h"
      8          #include "app_define.h"
      9          #include "sys_define.h"
     10          #include "hal_define.h"
     11          #include "fs_define.h"
     12          
     13          // File system variables

   \                                 In  segment DATA20_Z, align 2, align-sorted
   \   000000                REQUIRE ?cstart_init_zero20
     14          FATFS Fatfs;		 
   \                     Fatfs:
   \   000000                DS8 562

   \                                 In  segment DATA20_Z, align 2, align-sorted
   \   000000                REQUIRE ?cstart_init_zero20
     15          FIL   fileObject;	 
   \                     fileObject:
   \   000000                DS8 552

   \                                 In  segment DATA20_Z, align 2, align-sorted
   \   000000                REQUIRE ?cstart_init_zero20
     16          UINT  bw;
   \                     bw:
   \   000000                DS8 2
     17          
     18          /*----------------------------------------------------------------------------*/
     19          /**
     20          @brief    Initializing file system
     21          
     22          @return   void 
     23          
     24          @param    void
     25          */

   \                                 In  segment CODE, align 2
     26          void FS_Init(void)
   \                     FS_Init:
     27          { 
     28              disk_initialize(0);
   \   000000   4C43         MOV.B   #0x0, R12
   \   000002   ........     BRA     #disk_initialize
     29          }

   Maximum stack usage in bytes:

   CSTACK Function
   ------ --------
      4   FS_Init
        4   -> disk_initialize


   Segment part sizes:

   Bytes  Function/Label
   -----  --------------
       6  FS_Init
     562  Fatfs
       2  bw
     552  fileObject

 
     6 bytes in segment CODE
 1 116 bytes in segment DATA20_Z
 
     6 bytes of CODE memory
 1 116 bytes of DATA memory

Errors: none
Warnings: none
